components/MainApplication.tsx(439,15): error TS2739: Type '{ Applied: string; Interviewing: string; 'Offer Received': string; Rejected: string; }' is missing the following properties from type '{ Applied: string; Interviewing: string; "Offer Received": string; Rejected: string; pending: string; reviewing: string; shortlisted: string; accepted: string; rejected: string; }': pending, reviewing, shortlisted, accepted, rejected
components/MainApplication.tsx(525,145): error TS18048: 'app.job' is possibly 'undefined'.
components/MainApplication.tsx(526,72): error TS18048: 'app.job' is possibly 'undefined'.
constants.tsx(154,28): error TS2322: Type 'Element' is not assignable to type 'string'.
constants.tsx(155,28): error TS2322: Type 'Element' is not assignable to type 'string'.
constants.tsx(156,28): error TS2322: Type 'Element' is not assignable to type 'string'.
constants.tsx(157,28): error TS2322: Type 'Element' is not assignable to type 'string'.
constants.tsx(158,28): error TS2322: Type 'Element' is not assignable to type 'string'.
(node:3448) ExperimentalWarning: CommonJS module C:\Users\jayak\AppData\Roaming\npm\node_modules\npm\node_modules\debug\src\node.js is loading ES Module C:\Users\jayak\AppData\Roaming\npm\node_modules\npm\node_modules\supports-color\index.js using require().
Support for loading ES Module in require() is an experimental feature and might change at any time
(Use `node --trace-warnings ...` to show where the warning was created)
